0 verbose cli C:\Program Files\nodejs\node.exe C:\Users\admin\AppData\Roaming\npm\node_modules\npm\bin\npm-cli.js
1 info using npm@11.6.4
2 info using node@v24.11.1
3 silly config load:file:C:\Users\admin\AppData\Roaming\npm\node_modules\npm\npmrc
4 silly config load:file:D:\Hackathons\WEMAKEDEVS\trueforge_hackathon\.npmrc
5 silly config load:file:C:\Users\admin\.npmrc
6 silly config load:file:C:\Users\admin\AppData\Roaming\npm\etc\npmrc
7 verbose title npm install express cors @modelcontextprotocol/sdk zod
8 verbose argv "install" "express" "cors" "@modelcontextprotocol/sdk" "zod"
9 verbose logfile logs-max:10 dir:D:\Hackathons\WEMAKEDEVS\trueforge_hackathon\.npm-cache\_logs\2026-08-29T15_25_56_821Z-
10 verbose logfile D:\Hackathons\WEMAKEDEVS\trueforge_hackathon\.npm-cache\_logs\2026-08-29T15_25_56_821Z-debug-0.log
11 silly logfile start cleaning logs, removing 1 files
12 silly packumentCache heap:4496293888 maxSize:1124073472 maxEntrySize:562036736
13 silly logfile done cleaning log files
14 silly idealTree buildDeps
15 silly fetch manifest express@*
16 silly packumentCache full:https://registry.npmjs.org/express cache-miss
17 verbose shrinkwrap failed to load node_modules/.package-lock.json out of date, updated: node_modules
18 http fetch GET 200 https://registry.npmjs.org/express 847ms (cache revalidated)
19 silly packumentCache full:https://registry.npmjs.org/express set size:804975 disposed:false
20 silly fetch manifest cors@*
21 silly packumentCache full:https://registry.npmjs.org/cors cache-miss
22 http fetch GET 200 https://registry.npmjs.org/cors 106ms (cache revalidated)
23 silly packumentCache full:https://registry.npmjs.org/cors set size:77956 disposed:false
24 silly fetch manifest @modelcontextprotocol/sdk@*
25 silly packumentCache full:https://registry.npmjs.org/@modelcontextprotocol%2fsdk cache-miss
26 http fetch GET 200 https://registry.npmjs.org/@modelcontextprotocol%2fsdk 354ms (cache revalidated)
27 silly packumentCache full:https://registry.npmjs.org/@modelcontextprotocol%2fsdk set size:302290 disposed:false
28 silly fetch manifest @cfworker/json-schema@^4.1.1
29 silly packumentCache full:https://registry.npmjs.org/@cfworker%2fjson-schema cache-miss
30 http fetch GET 200 https://registry.npmjs.org/@cfworker%2fjson-schema 113ms (cache revalidated)
31 silly packumentCache full:https://registry.npmjs.org/@cfworker%2fjson-schema set size:144207 disposed:false
32 silly fetch manifest zod@*
33 silly packumentCache full:https://registry.npmjs.org/zod cache-miss
34 http fetch GET 200 https://registry.npmjs.org/zod 119ms (cache revalidated)
35 silly packumentCache full:https://registry.npmjs.org/zod set size:4139016 disposed:false
36 silly placeDep ROOT @modelcontextprotocol/sdk@1.30.0 OK for: premortem@0.1.0 want: *
37 silly placeDep ROOT cors@2.8.6 OK for: premortem@0.1.0 want: *
38 silly placeDep ROOT express@5.2.1 OK for: premortem@0.1.0 want: *
39 silly placeDep ROOT zod@4.5.2 OK for: premortem@0.1.0 want: *
40 silly fetch manifest ajv@^8.17.1
41 silly packumentCache full:https://registry.npmjs.org/ajv cache-miss
42 silly fetch manifest zod@^3.25 || ^4.0
43 silly packumentCache full:https://registry.npmjs.org/zod cache-miss
44 silly fetch manifest cors@^2.8.5
45 silly packumentCache full:https://registry.npmjs.org/cors cache-hit
46 silly fetch manifest hono@^4.11.4
47 silly packumentCache full:https://registry.npmjs.org/hono cache-miss
48 silly fetch manifest jose@^6.1.3
49 silly packumentCache full:https://registry.npmjs.org/jose cache-miss
50 silly fetch manifest express@^5.2.1
51 silly packumentCache full:https://registry.npmjs.org/express cache-hit
52 silly fetch manifest raw-body@^3.0.0
53 silly packumentCache full:https://registry.npmjs.org/raw-body cache-miss
54 silly fetch manifest ajv-formats@^3.0.1
55 silly packumentCache full:https://registry.npmjs.org/ajv-formats cache-miss
56 silly fetch manifest cross-spawn@^7.0.5
57 silly packumentCache full:https://registry.npmjs.org/cross-spawn cache-miss
58 http cache https://registry.npmjs.org/zod 64ms (cache hit)
59 silly packumentCache full:https://registry.npmjs.org/zod set size:4139016 disposed:false
60 silly fetch manifest eventsource@^3.0.2
61 silly packumentCache full:https://registry.npmjs.org/eventsource cache-miss
62 http fetch GET 200 https://registry.npmjs.org/ajv 121ms (cache revalidated)
63 silly packumentCache full:https://registry.npmjs.org/ajv set size:1142658 disposed:false
64 silly fetch manifest content-type@^1.0.5
65 silly packumentCache full:https://registry.npmjs.org/content-type cache-miss
66 http fetch GET 200 https://registry.npmjs.org/content-type 88ms (cache revalidated)
67 silly packumentCache full:https://registry.npmjs.org/content-type set size:23936 disposed:false
68 silly fetch manifest pkce-challenge@^5.0.0
69 silly packumentCache full:https://registry.npmjs.org/pkce-challenge cache-miss
70 http fetch GET 200 https://registry.npmjs.org/pkce-challenge 85ms (cache revalidated)
71 silly packumentCache full:https://registry.npmjs.org/pkce-challenge set size:37734 disposed:false
72 silly fetch manifest @hono/node-server@^1.19.9 || ^2.0.5
73 silly packumentCache full:https://registry.npmjs.org/@hono%2fnode-server cache-miss
74 http fetch GET 200 https://registry.npmjs.org/hono 366ms (cache revalidated)
75 silly packumentCache full:https://registry.npmjs.org/hono set size:6129886 disposed:false
76 silly fetch manifest json-schema-typed@^8.0.2
77 silly packumentCache full:https://registry.npmjs.org/json-schema-typed cache-miss
78 http fetch GET 200 https://registry.npmjs.org/ajv-formats 545ms (cache revalidated)
79 silly packumentCache full:https://registry.npmjs.org/ajv-formats set size:141264 disposed:false
80 silly fetch manifest eventsource-parser@^3.0.0
81 silly packumentCache full:https://registry.npmjs.org/eventsource-parser cache-miss
82 http fetch GET 200 https://registry.npmjs.org/raw-body 554ms (cache revalidated)
83 silly packumentCache full:https://registry.npmjs.org/raw-body set size:120042 disposed:false
84 silly fetch manifest express-rate-limit@^8.2.1
85 silly packumentCache full:https://registry.npmjs.org/express-rate-limit cache-miss
86 http fetch GET 200 https://registry.npmjs.org/cross-spawn 561ms (cache revalidated)
87 silly packumentCache full:https://registry.npmjs.org/cross-spawn set size:109066 disposed:false
88 silly fetch manifest zod-to-json-schema@^3.25.1
89 silly packumentCache full:https://registry.npmjs.org/zod-to-json-schema cache-miss
90 http fetch GET 200 https://registry.npmjs.org/jose 575ms (cache revalidated)
91 silly packumentCache full:https://registry.npmjs.org/jose set size:1452435 disposed:false
92 silly fetch manifest vary@^1
93 silly packumentCache full:https://registry.npmjs.org/vary cache-miss
94 http fetch GET 200 https://registry.npmjs.org/@hono%2fnode-server 290ms (cache revalidated)
95 silly packumentCache full:https://registry.npmjs.org/@hono%2fnode-server set size:284955 disposed:false
96 silly fetch manifest qs@^6.14.0
97 silly packumentCache full:https://registry.npmjs.org/qs cache-miss
98 http fetch GET 200 https://registry.npmjs.org/eventsource 530ms (cache revalidated)
99 silly packumentCache full:https://registry.npmjs.org/eventsource set size:146228 disposed:false
100 silly fetch manifest depd@^2.0.0
101 silly packumentCache full:https://registry.npmjs.org/depd cache-miss
102 http fetch GET 200 https://registry.npmjs.org/json-schema-typed 215ms (cache revalidated)
103 silly packumentCache full:https://registry.npmjs.org/json-schema-typed set size:26165 disposed:false
104 silly fetch manifest etag@^1.8.1
105 silly packumentCache full:https://registry.npmjs.org/etag cache-miss
106 http fetch GET 200 https://registry.npmjs.org/vary 126ms (cache revalidated)
107 silly packumentCache full:https://registry.npmjs.org/vary set size:15994 disposed:false
108 silly fetch manifest once@^1.4.0
109 silly packumentCache full:https://registry.npmjs.org/once cache-miss
110 http fetch GET 200 https://registry.npmjs.org/eventsource-parser 177ms (cache revalidated)
111 silly packumentCache full:https://registry.npmjs.org/eventsource-parser set size:89571 disposed:false
112 silly fetch manifest send@^1.1.0
113 silly packumentCache full:https://registry.npmjs.org/send cache-miss
114 http fetch GET 200 https://registry.npmjs.org/express-rate-limit 174ms (cache revalidated)
115 silly packumentCache full:https://registry.npmjs.org/express-rate-limit set size:461272 disposed:false
116 silly fetch manifest vary@^1.1.2
117 silly packumentCache full:https://registry.npmjs.org/vary cache-hit
118 silly fetch manifest fresh@^2.0.0
119 silly packumentCache full:https://registry.npmjs.org/fresh cache-miss
120 http fetch GET 200 https://registry.npmjs.org/zod-to-json-schema 176ms (cache revalidated)
121 silly packumentCache full:https://registry.npmjs.org/zod-to-json-schema set size:309584 disposed:false
122 silly fetch manifest cookie@^0.7.1
123 silly packumentCache full:https://registry.npmjs.org/cookie cache-miss
124 http fetch GET 200 https://registry.npmjs.org/depd 140ms (cache revalidated)
125 silly packumentCache full:https://registry.npmjs.org/depd set size:40182 disposed:false
126 silly fetch manifest router@^2.2.0
127 silly packumentCache full:https://registry.npmjs.org/router cache-miss
128 http fetch GET 200 https://registry.npmjs.org/qs 162ms (cache revalidated)
129 silly packumentCache full:https://registry.npmjs.org/qs set size:360318 disposed:false
130 silly fetch manifest accepts@^2.0.0
131 silly packumentCache full:https://registry.npmjs.org/accepts cache-miss
132 http fetch GET 200 https://registry.npmjs.org/once 92ms (cache revalidated)
133 silly packumentCache full:https://registry.npmjs.org/once set size:11752 disposed:false
134 silly fetch manifest type-is@^2.0.1
135 silly packumentCache full:https://registry.npmjs.org/type-is cache-miss
136 http fetch GET 200 https://registry.npmjs.org/etag 113ms (cache revalidated)
137 silly packumentCache full:https://registry.npmjs.org/etag set size:30032 disposed:false
138 silly fetch manifest parseurl@^1.3.3
139 silly packumentCache full:https://registry.npmjs.org/parseurl cache-miss
140 http fetch GET 200 https://registry.npmjs.org/send 155ms (cache revalidated)
141 silly packumentCache full:https://registry.npmjs.org/send set size:152810 disposed:false
142 silly fetch manifest statuses@^2.0.1
143 silly packumentCache full:https://registry.npmjs.org/statuses cache-miss
144 http fetch GET 200 https://registry.npmjs.org/accepts 121ms (cache revalidated)
145 silly packumentCache full:https://registry.npmjs.org/accepts set size:77054 disposed:false
146 silly fetch manifest encodeurl@^2.0.0
147 silly packumentCache full:https://registry.npmjs.org/encodeurl cache-miss
148 http fetch GET 200 https://registry.npmjs.org/cookie 162ms (cache revalidated)
149 silly packumentCache full:https://registry.npmjs.org/cookie set size:78274 disposed:false
150 silly fetch manifest mime-types@^3.0.0
151 silly packumentCache full:https://registry.npmjs.org/mime-types cache-miss
152 http fetch GET 200 https://registry.npmjs.org/router 153ms (cache revalidated)
153 silly packumentCache full:https://registry.npmjs.org/router set size:116499 disposed:false
154 silly fetch manifest proxy-addr@^2.0.7
155 silly packumentCache full:https://registry.npmjs.org/proxy-addr cache-miss
156 http fetch GET 200 https://registry.npmjs.org/fresh 189ms (cache revalidated)
157 silly packumentCache full:https://registry.npmjs.org/fresh set size:25427 disposed:false
158 silly fetch manifest body-parser@^2.2.1
159 silly packumentCache full:https://registry.npmjs.org/body-parser cache-miss
160 http fetch GET 200 https://registry.npmjs.org/type-is 126ms (cache revalidated)
161 silly packumentCache full:https://registry.npmjs.org/type-is set size:88614 disposed:false
162 silly fetch manifest escape-html@^1.0.3
163 silly packumentCache full:https://registry.npmjs.org/escape-html cache-miss
164 http fetch GET 200 https://registry.npmjs.org/parseurl 128ms (cache revalidated)
165 silly packumentCache full:https://registry.npmjs.org/parseurl set size:24148 disposed:false
166 silly fetch manifest http-errors@^2.0.0
167 silly packumentCache full:https://registry.npmjs.org/http-errors cache-miss
168 http fetch GET 200 https://registry.npmjs.org/statuses 138ms (cache revalidated)
169 silly packumentCache full:https://registry.npmjs.org/statuses set size:37117 disposed:false
170 silly fetch manifest on-finished@^2.4.1
171 silly packumentCache full:https://registry.npmjs.org/on-finished cache-miss
172 http fetch GET 200 https://registry.npmjs.org/encodeurl 145ms (cache revalidated)
173 silly packumentCache full:https://registry.npmjs.org/encodeurl set size:12296 disposed:false
174 silly fetch manifest finalhandler@^2.1.0
175 silly packumentCache full:https://registry.npmjs.org/finalhandler cache-miss
176 http fetch GET 200 https://registry.npmjs.org/escape-html 120ms (cache revalidated)
177 silly packumentCache full:https://registry.npmjs.org/escape-html set size:7345 disposed:false
178 silly fetch manifest range-parser@^1.2.1
179 silly packumentCache full:https://registry.npmjs.org/range-parser cache-miss
180 http fetch GET 200 https://registry.npmjs.org/http-errors 120ms (cache revalidated)
181 silly packumentCache full:https://registry.npmjs.org/http-errors set size:71987 disposed:false
182 silly fetch manifest serve-static@^2.2.0
183 silly packumentCache full:https://registry.npmjs.org/serve-static cache-miss
184 http fetch GET 200 https://registry.npmjs.org/mime-types 152ms (cache revalidated)
185 silly packumentCache full:https://registry.npmjs.org/mime-types set size:139110 disposed:false
186 silly fetch manifest cookie-signature@^1.2.1
187 silly packumentCache full:https://registry.npmjs.org/cookie-signature cache-miss
188 http fetch GET 200 https://registry.npmjs.org/body-parser 139ms (cache revalidated)
189 silly packumentCache full:https://registry.npmjs.org/body-parser set size:204559 disposed:false
190 silly fetch manifest merge-descriptors@^2.0.0
191 silly packumentCache full:https://registry.npmjs.org/merge-descriptors cache-miss
192 http fetch GET 200 https://registry.npmjs.org/on-finished 143ms (cache revalidated)
193 silly packumentCache full:https://registry.npmjs.org/on-finished set size:23212 disposed:false
194 silly fetch manifest content-disposition@^1.0.0
195 silly packumentCache full:https://registry.npmjs.org/content-disposition cache-miss
196 http fetch GET 200 https://registry.npmjs.org/range-parser 133ms (cache revalidated)
197 silly packumentCache full:https://registry.npmjs.org/range-parser set size:24852 disposed:false
198 http fetch GET 200 https://registry.npmjs.org/finalhandler 152ms (cache revalidated)
199 silly packumentCache full:https://registry.npmjs.org/finalhandler set size:79291 disposed:false
200 http fetch GET 200 https://registry.npmjs.org/cookie-signature 148ms (cache revalidated)
201 silly packumentCache full:https://registry.npmjs.org/cookie-signature set size:21777 disposed:false
202 http fetch GET 200 https://registry.npmjs.org/serve-static 160ms (cache revalidated)
203 silly packumentCache full:https://registry.npmjs.org/serve-static set size:150391 disposed:false
204 http fetch GET 200 https://registry.npmjs.org/merge-descriptors 152ms (cache revalidated)
205 silly packumentCache full:https://registry.npmjs.org/merge-descriptors set size:16527 disposed:false
206 http fetch GET 200 https://registry.npmjs.org/content-disposition 116ms (cache revalidated)
207 silly packumentCache full:https://registry.npmjs.org/content-disposition set size:45446 disposed:false
208 http fetch GET 200 https://registry.npmjs.org/proxy-addr 382ms (cache revalidated)
209 silly packumentCache full:https://registry.npmjs.org/proxy-addr set size:61619 disposed:false
210 silly placeDep ROOT @hono/node-server@2.1.1 OK for: @modelcontextprotocol/sdk@1.30.0 want: ^1.19.9 || ^2.0.5
211 silly placeDep ROOT hono@4.13.5 OK for: @hono/node-server@2.1.1 want: ^4
212 silly placeDep ROOT ajv@8.20.0 OK for: @modelcontextprotocol/sdk@1.30.0 want: ^8.17.1
213 silly placeDep ROOT ajv-formats@3.0.1 OK for: @modelcontextprotocol/sdk@1.30.0 want: ^3.0.1
214 silly placeDep ROOT content-type@1.0.5 OK for: @modelcontextprotocol/sdk@1.30.0 want: ^1.0.5
215 silly placeDep ROOT cross-spawn@7.0.6 OK for: @modelcontextprotocol/sdk@1.30.0 want: ^7.0.5
216 silly placeDep ROOT eventsource@3.0.7 OK for: @modelcontextprotocol/sdk@1.30.0 want: ^3.0.2
217 silly placeDep ROOT eventsource-parser@3.1.1 OK for: @modelcontextprotocol/sdk@1.30.0 want: ^3.0.0
218 silly placeDep ROOT express-rate-limit@8.7.0 OK for: @modelcontextprotocol/sdk@1.30.0 want: ^8.2.1
219 silly placeDep ROOT jose@6.2.10 OK for: @modelcontextprotocol/sdk@1.30.0 want: ^6.1.3
220 silly placeDep ROOT json-schema-typed@8.0.2 OK for: @modelcontextprotocol/sdk@1.30.0 want: ^8.0.2
221 silly placeDep ROOT pkce-challenge@5.0.1 OK for: @modelcontextprotocol/sdk@1.30.0 want: ^5.0.0
222 silly placeDep ROOT raw-body@3.0.2 OK for: @modelcontextprotocol/sdk@1.30.0 want: ^3.0.0
223 silly placeDep ROOT zod-to-json-schema@3.25.2 OK for: @modelcontextprotocol/sdk@1.30.0 want: ^3.25.1
224 silly fetch manifest fast-deep-equal@^3.1.3
225 silly packumentCache full:https://registry.npmjs.org/fast-deep-equal cache-miss
226 silly fetch manifest fast-uri@^3.0.1
227 silly packumentCache full:https://registry.npmjs.org/fast-uri cache-miss
228 silly fetch manifest json-schema-traverse@^1.0.0
229 silly packumentCache full:https://registry.npmjs.org/json-schema-traverse cache-miss
230 silly fetch manifest require-from-string@^2.0.2
231 silly packumentCache full:https://registry.npmjs.org/require-from-string cache-miss
232 silly fetch manifest which@^2.0.1
233 silly packumentCache full:https://registry.npmjs.org/which cache-miss
234 silly fetch manifest path-key@^3.1.0
235 silly packumentCache full:https://registry.npmjs.org/path-key cache-miss
236 silly fetch manifest shebang-command@^2.0.0
237 silly packumentCache full:https://registry.npmjs.org/shebang-command cache-miss
238 http fetch GET 200 https://registry.npmjs.org/which 129ms (cache revalidated)
239 silly packumentCache full:https://registry.npmjs.org/which set size:70087 disposed:false
240 silly fetch manifest eventsource-parser@^3.0.1
241 silly packumentCache full:https://registry.npmjs.org/eventsource-parser cache-hit
242 silly fetch manifest ip-address@^10.2.0
243 silly packumentCache full:https://registry.npmjs.org/ip-address cache-miss
244 http fetch GET 200 https://registry.npmjs.org/json-schema-traverse 139ms (cache revalidated)
245 silly packumentCache full:https://registry.npmjs.org/json-schema-traverse set size:23537 disposed:false
246 silly fetch manifest bytes@~3.1.2
247 silly packumentCache full:https://registry.npmjs.org/bytes cache-miss
248 http fetch GET 200 https://registry.npmjs.org/fast-uri 146ms (cache revalidated)
249 silly packumentCache full:https://registry.npmjs.org/fast-uri set size:100723 disposed:false
250 silly fetch manifest unpipe@~1.0.0
251 silly packumentCache full:https://registry.npmjs.org/unpipe cache-miss
252 http fetch GET 200 https://registry.npmjs.org/require-from-string 162ms (cache revalidated)
253 silly packumentCache full:https://registry.npmjs.org/require-from-string set size:15128 disposed:false
254 silly fetch manifest iconv-lite@~0.7.0
255 silly packumentCache full:https://registry.npmjs.org/iconv-lite cache-miss
256 http fetch GET 200 https://registry.npmjs.org/fast-deep-equal 170ms (cache revalidated)
257 silly packumentCache full:https://registry.npmjs.org/fast-deep-equal set size:48634 disposed:false
258 silly fetch manifest http-errors@~2.0.1
259 silly packumentCache full:https://registry.npmjs.org/http-errors cache-hit
260 http fetch GET 200 https://registry.npmjs.org/shebang-command 170ms (cache revalidated)
261 silly packumentCache full:https://registry.npmjs.org/shebang-command set size:8525 disposed:false
262 http fetch GET 200 https://registry.npmjs.org/path-key 173ms (cache revalidated)
263 silly packumentCache full:https://registry.npmjs.org/path-key set size:16975 disposed:false
264 http fetch GET 200 https://registry.npmjs.org/unpipe 139ms (cache revalidated)
265 silly packumentCache full:https://registry.npmjs.org/unpipe set size:3609 disposed:false
266 http fetch GET 200 https://registry.npmjs.org/bytes 150ms (cache revalidated)
267 silly packumentCache full:https://registry.npmjs.org/bytes set size:37018 disposed:false
268 http fetch GET 200 https://registry.npmjs.org/iconv-lite 132ms (cache revalidated)
269 silly packumentCache full:https://registry.npmjs.org/iconv-lite set size:126462 disposed:false
270 http fetch GET 200 https://registry.npmjs.org/ip-address 166ms (cache revalidated)
271 silly packumentCache full:https://registry.npmjs.org/ip-address set size:213599 disposed:false
272 silly placeDep ROOT fast-deep-equal@3.1.3 OK for: ajv@8.20.0 want: ^3.1.3
273 silly placeDep ROOT fast-uri@3.1.6 OK for: ajv@8.20.0 want: ^3.0.1
274 silly placeDep ROOT json-schema-traverse@1.0.0 OK for: ajv@8.20.0 want: ^1.0.0
275 silly placeDep ROOT require-from-string@2.0.2 OK for: ajv@8.20.0 want: ^2.0.2
276 silly placeDep ROOT vary@1.1.2 OK for: cors@2.8.6 want: ^1
277 silly placeDep ROOT path-key@3.1.1 OK for: cross-spawn@7.0.6 want: ^3.1.0
278 silly placeDep ROOT shebang-command@2.0.0 OK for: cross-spawn@7.0.6 want: ^2.0.0
279 silly placeDep ROOT which@2.0.2 OK for: cross-spawn@7.0.6 want: ^2.0.1
280 silly fetch manifest shebang-regex@^3.0.0
281 silly packumentCache full:https://registry.npmjs.org/shebang-regex cache-miss
282 silly fetch manifest isexe@^2.0.0
283 silly packumentCache full:https://registry.npmjs.org/isexe cache-miss
284 http fetch GET 200 https://registry.npmjs.org/shebang-regex 109ms (cache revalidated)
285 silly packumentCache full:https://registry.npmjs.org/shebang-regex set size:9763 disposed:false
286 http fetch GET 200 https://registry.npmjs.org/isexe 112ms (cache revalidated)
287 silly packumentCache full:https://registry.npmjs.org/isexe set size:31756 disposed:false
288 silly placeDep ROOT accepts@2.0.0 OK for: express@5.2.1 want: ^2.0.0
289 silly placeDep ROOT body-parser@2.3.0 OK for: express@5.2.1 want: ^2.2.1
290 silly placeDep ROOT content-disposition@1.1.0 OK for: express@5.2.1 want: ^1.0.0
291 silly placeDep ROOT cookie@0.7.2 OK for: express@5.2.1 want: ^0.7.1
292 silly placeDep ROOT cookie-signature@1.2.2 OK for: express@5.2.1 want: ^1.2.1
293 silly placeDep ROOT depd@2.0.0 OK for: express@5.2.1 want: ^2.0.0
294 silly placeDep ROOT encodeurl@2.0.0 OK for: express@5.2.1 want: ^2.0.0
295 silly placeDep ROOT escape-html@1.0.3 OK for: express@5.2.1 want: ^1.0.3
296 silly placeDep ROOT etag@1.8.1 OK for: express@5.2.1 want: ^1.8.1
297 silly placeDep ROOT finalhandler@2.1.1 OK for: express@5.2.1 want: ^2.1.0
298 silly placeDep ROOT fresh@2.0.0 OK for: express@5.2.1 want: ^2.0.0
299 silly placeDep ROOT http-errors@2.0.1 OK for: express@5.2.1 want: ^2.0.0
300 silly placeDep ROOT merge-descriptors@2.0.0 OK for: express@5.2.1 want: ^2.0.0
301 silly placeDep node_modules/express mime-types@3.0.2 OK for: express@5.2.1 want: ^3.0.0
302 silly placeDep ROOT on-finished@2.4.1 OK for: express@5.2.1 want: ^2.4.1
303 silly placeDep ROOT once@1.4.0 OK for: express@5.2.1 want: ^1.4.0
304 silly placeDep ROOT parseurl@1.3.3 OK for: express@5.2.1 want: ^1.3.3
305 silly placeDep ROOT proxy-addr@2.0.7 OK for: express@5.2.1 want: ^2.0.7
306 silly placeDep ROOT qs@6.15.3 OK for: express@5.2.1 want: ^6.14.0
307 silly placeDep ROOT range-parser@1.3.0 OK for: express@5.2.1 want: ^1.2.1
308 silly placeDep ROOT router@2.2.0 OK for: express@5.2.1 want: ^2.2.0
309 silly placeDep ROOT send@1.2.1 OK for: express@5.2.1 want: ^1.1.0
310 silly placeDep ROOT serve-static@2.2.1 OK for: express@5.2.1 want: ^2.2.0
311 silly placeDep ROOT statuses@2.0.2 OK for: express@5.2.1 want: ^2.0.1
312 silly placeDep ROOT type-is@2.1.0 OK for: express@5.2.1 want: ^2.0.1
313 silly fetch manifest negotiator@^1.0.0
314 silly packumentCache full:https://registry.npmjs.org/negotiator cache-miss
315 silly fetch manifest qs@^6.15.2
316 silly packumentCache full:https://registry.npmjs.org/qs cache-hit
317 silly fetch manifest bytes@^3.1.2
318 silly packumentCache full:https://registry.npmjs.org/bytes cache-hit
319 silly fetch manifest type-is@^2.1.0
320 silly packumentCache full:https://registry.npmjs.org/type-is cache-hit
321 silly fetch manifest iconv-lite@^0.7.2
322 silly packumentCache full:https://registry.npmjs.org/iconv-lite cache-hit
323 silly fetch manifest http-errors@^2.0.1
324 silly packumentCache full:https://registry.npmjs.org/http-errors cache-hit
325 silly fetch manifest content-type@^2.0.0
326 silly packumentCache full:https://registry.npmjs.org/content-type cache-hit
327 silly fetch manifest inherits@~2.0.4
328 silly packumentCache full:https://registry.npmjs.org/inherits cache-miss
329 silly fetch manifest setprototypeof@~1.2.0
330 silly packumentCache full:https://registry.npmjs.org/setprototypeof cache-miss
331 silly fetch manifest statuses@~2.0.2
332 silly packumentCache full:https://registry.npmjs.org/statuses cache-hit
333 silly fetch manifest toidentifier@~1.0.1
334 silly packumentCache full:https://registry.npmjs.org/toidentifier cache-miss
335 silly fetch manifest mime-db@^1.54.0
336 silly packumentCache full:https://registry.npmjs.org/mime-db cache-miss
337 silly fetch manifest ee-first@1.1.1
338 silly packumentCache full:https://registry.npmjs.org/ee-first cache-miss
339 silly fetch manifest wrappy@1
340 silly packumentCache full:https://registry.npmjs.org/wrappy cache-miss
341 http fetch GET 200 https://registry.npmjs.org/ee-first 121ms (cache revalidated)
342 silly packumentCache full:https://registry.npmjs.org/ee-first set size:15327 disposed:false
343 silly fetch manifest forwarded@0.2.0
344 silly packumentCache full:https://registry.npmjs.org/forwarded cache-miss
345 http fetch GET 200 https://registry.npmjs.org/inherits 132ms (cache revalidated)
346 silly packumentCache full:https://registry.npmjs.org/inherits set size:12925 disposed:false
347 silly fetch manifest ipaddr.js@1.9.1
348 silly packumentCache full:https://registry.npmjs.org/ipaddr.js cache-miss
349 http fetch GET 200 https://registry.npmjs.org/setprototypeof 137ms (cache revalidated)
350 silly packumentCache full:https://registry.npmjs.org/setprototypeof set size:14532 disposed:false
351 silly fetch manifest side-channel@^1.1.1
352 silly packumentCache full:https://registry.npmjs.org/side-channel cache-miss
353 http fetch GET 200 https://registry.npmjs.org/wrappy 138ms (cache revalidated)
354 silly packumentCache full:https://registry.npmjs.org/wrappy set size:7682 disposed:false
355 silly fetch manifest is-promise@^4.0.0
356 silly packumentCache full:https://registry.npmjs.org/is-promise cache-miss
357 http fetch GET 200 https://registry.npmjs.org/toidentifier 144ms (cache revalidated)
358 silly packumentCache full:https://registry.npmjs.org/toidentifier set size:12006 disposed:false
359 silly fetch manifest path-to-regexp@^8.0.0
360 silly packumentCache full:https://registry.npmjs.org/path-to-regexp cache-miss
361 http fetch GET 200 https://registry.npmjs.org/negotiator 160ms (cache revalidated)
362 silly packumentCache full:https://registry.npmjs.org/negotiator set size:56148 disposed:false
363 silly fetch manifest mime-types@^3.0.2
364 silly packumentCache full:https://registry.npmjs.org/mime-types cache-hit
365 silly fetch manifest statuses@^2.0.2
366 silly packumentCache full:https://registry.npmjs.org/statuses cache-hit
367 silly fetch manifest media-typer@^1.1.0
368 silly packumentCache full:https://registry.npmjs.org/media-typer cache-miss
369 http fetch GET 200 https://registry.npmjs.org/mime-db 165ms (cache revalidated)
370 silly packumentCache full:https://registry.npmjs.org/mime-db set size:164953 disposed:false
371 http fetch GET 200 https://registry.npmjs.org/forwarded 139ms (cache revalidated)
372 silly packumentCache full:https://registry.npmjs.org/forwarded set size:11229 disposed:false
373 http fetch GET 200 https://registry.npmjs.org/ipaddr.js 154ms (cache revalidated)
374 silly packumentCache full:https://registry.npmjs.org/ipaddr.js set size:84329 disposed:false
375 http fetch GET 200 https://registry.npmjs.org/is-promise 152ms (cache revalidated)
376 silly packumentCache full:https://registry.npmjs.org/is-promise set size:18599 disposed:false
377 http fetch GET 200 https://registry.npmjs.org/side-channel 162ms (cache revalidated)
378 silly packumentCache full:https://registry.npmjs.org/side-channel set size:27650 disposed:false
379 http fetch GET 200 https://registry.npmjs.org/path-to-regexp 161ms (cache revalidated)
380 silly packumentCache full:https://registry.npmjs.org/path-to-regexp set size:216334 disposed:false
381 http fetch GET 200 https://registry.npmjs.org/media-typer 152ms (cache revalidated)
382 silly packumentCache full:https://registry.npmjs.org/media-typer set size:22074 disposed:false
383 silly placeDep node_modules/accepts mime-types@3.0.2 OK for: accepts@2.0.0 want: ^3.0.0
384 silly placeDep ROOT negotiator@1.1.0 OK for: accepts@2.0.0 want: ^1.0.0
385 silly fetch manifest content-type@^2.1.0
386 silly packumentCache full:https://registry.npmjs.org/content-type cache-hit
387 silly placeDep ROOT bytes@3.1.2 OK for: body-parser@2.3.0 want: ^3.1.2
388 silly placeDep node_modules/body-parser content-type@2.1.0 OK for: body-parser@2.3.0 want: ^2.0.0
389 silly placeDep node_modules/body-parser iconv-lite@0.7.3 OK for: body-parser@2.3.0 want: ^0.7.2
390 silly placeDep ROOT ip-address@10.7.0 OK for: express-rate-limit@8.7.0 want: ^10.2.0
391 silly placeDep ROOT inherits@2.0.4 OK for: http-errors@2.0.1 want: ~2.0.4
392 silly placeDep ROOT setprototypeof@1.2.0 OK for: http-errors@2.0.1 want: ~1.2.0
393 silly placeDep ROOT toidentifier@1.0.1 OK for: http-errors@2.0.1 want: ~1.0.1
394 silly placeDep node_modules/negotiator content-type@2.1.0 OK for: negotiator@1.1.0 want: ^2.1.0
395 silly placeDep ROOT ee-first@1.1.1 OK for: on-finished@2.4.1 want: 1.1.1
396 silly placeDep ROOT wrappy@1.0.2 OK for: once@1.4.0 want: 1
397 silly placeDep ROOT forwarded@0.2.0 OK for: proxy-addr@2.0.7 want: 0.2.0
398 silly placeDep ROOT ipaddr.js@1.9.1 OK for: proxy-addr@2.0.7 want: 1.9.1
399 silly placeDep ROOT side-channel@1.1.1 OK for: qs@6.15.3 want: ^1.1.1
400 silly fetch manifest object-inspect@^1.13.4
401 silly packumentCache full:https://registry.npmjs.org/object-inspect cache-miss
402 silly fetch manifest side-channel-list@^1.0.1
403 silly packumentCache full:https://registry.npmjs.org/side-channel-list cache-miss
404 silly fetch manifest side-channel-map@^1.0.1
405 silly packumentCache full:https://registry.npmjs.org/side-channel-map cache-miss
406 silly fetch manifest side-channel-weakmap@^1.0.2
407 silly packumentCache full:https://registry.npmjs.org/side-channel-weakmap cache-miss
408 http fetch GET 200 https://registry.npmjs.org/side-channel-weakmap 193ms (cache revalidated)
409 silly packumentCache full:https://registry.npmjs.org/side-channel-weakmap set size:12620 disposed:false
410 http fetch GET 200 https://registry.npmjs.org/side-channel-map 198ms (cache revalidated)
411 silly packumentCache full:https://registry.npmjs.org/side-channel-map set size:9126 disposed:false
412 http fetch GET 200 https://registry.npmjs.org/object-inspect 202ms (cache revalidated)
413 silly packumentCache full:https://registry.npmjs.org/object-inspect set size:101927 disposed:false
414 http fetch GET 200 https://registry.npmjs.org/side-channel-list 206ms (cache revalidated)
415 silly packumentCache full:https://registry.npmjs.org/side-channel-list set size:9021 disposed:false
416 silly placeDep node_modules/raw-body iconv-lite@0.7.3 OK for: raw-body@3.0.2 want: ~0.7.0
417 silly placeDep ROOT unpipe@1.0.0 OK for: raw-body@3.0.2 want: ~1.0.0
418 silly placeDep ROOT is-promise@4.0.0 OK for: router@2.2.0 want: ^4.0.0
419 silly placeDep ROOT path-to-regexp@8.4.2 OK for: router@2.2.0 want: ^8.0.0
420 silly placeDep node_modules/send mime-types@3.0.2 OK for: send@1.2.1 want: ^3.0.2
421 silly placeDep ROOT shebang-regex@3.0.0 OK for: shebang-command@2.0.0 want: ^3.0.0
422 silly placeDep ROOT object-inspect@1.13.4 OK for: side-channel@1.1.1 want: ^1.13.4
423 silly placeDep ROOT side-channel-list@1.0.1 OK for: side-channel@1.1.1 want: ^1.0.1
424 silly placeDep ROOT side-channel-map@1.0.1 OK for: side-channel@1.1.1 want: ^1.0.1
425 silly placeDep ROOT side-channel-weakmap@1.0.2 OK for: side-channel@1.1.1 want: ^1.0.2
426 silly fetch manifest call-bound@^1.0.2
427 silly packumentCache full:https://registry.npmjs.org/call-bound cache-miss
428 silly fetch manifest call-bound@^1.0.2
429 silly packumentCache full:https://registry.npmjs.org/call-bound cache-miss
430 http fetch GET 200 https://registry.npmjs.org/call-bound 87ms (cache revalidated)
431 silly packumentCache full:https://registry.npmjs.org/call-bound set size:15317 disposed:false
432 http fetch GET 200 https://registry.npmjs.org/call-bound 97ms (cache revalidated)
433 silly packumentCache full:https://registry.npmjs.org/call-bound set size:15317 disposed:false
434 silly packumentCache full:https://registry.npmjs.org/call-bound dispose
435 silly placeDep ROOT call-bound@1.0.4 OK for: side-channel-map@1.0.1 want: ^1.0.2
436 silly placeDep node_modules/type-is content-type@2.1.0 OK for: type-is@2.1.0 want: ^2.0.0
437 silly placeDep ROOT media-typer@1.1.1 OK for: type-is@2.1.0 want: ^1.1.0
438 silly placeDep node_modules/type-is mime-types@3.0.2 OK for: type-is@2.1.0 want: ^3.0.0
439 silly placeDep ROOT isexe@2.0.0 OK for: which@2.0.2 want: ^2.0.0
440 silly placeDep node_modules/accepts mime-db@1.54.0 OK for: mime-types@3.0.2 want: ^1.54.0
441 silly placeDep node_modules/express mime-db@1.54.0 OK for: mime-types@3.0.2 want: ^1.54.0
442 silly placeDep node_modules/send mime-db@1.54.0 OK for: mime-types@3.0.2 want: ^1.54.0
443 silly placeDep node_modules/type-is mime-db@1.54.0 OK for: mime-types@3.0.2 want: ^1.54.0
444 silly reify moves {}
445 silly audit bulk request {
445 silly audit   '@adobe/css-tools': [ '4.5.0' ],
445 silly audit   '@alloc/quick-lru': [ '5.2.0' ],
445 silly audit   '@asamuzakjp/css-color': [ '3.2.0' ],
445 silly audit   'lru-cache': [ '10.4.3', '5.1.1' ],
445 silly audit   '@babel/code-frame': [ '7.29.7' ],
445 silly audit   '@babel/compat-data': [ '7.29.7' ],
445 silly audit   '@babel/core': [ '7.29.7' ],
445 silly audit   '@babel/generator': [ '7.29.8' ],
445 silly audit   '@babel/helper-compilation-targets': [ '7.29.7' ],
445 silly audit   '@babel/helper-globals': [ '7.29.7' ],
445 silly audit   '@babel/helper-module-imports': [ '7.29.7' ],
445 silly audit   '@babel/helper-module-transforms': [ '7.29.7' ],
445 silly audit   '@babel/helper-plugin-utils': [ '7.29.7' ],
445 silly audit   '@babel/helper-string-parser': [ '7.29.7' ],
445 silly audit   '@babel/helper-validator-identifier': [ '7.29.7' ],
445 silly audit   '@babel/helper-validator-option': [ '7.29.7' ],
445 silly audit   '@babel/helpers': [ '7.29.7' ],
445 silly audit   '@babel/parser': [ '7.29.8' ],
445 silly audit   '@babel/plugin-transform-react-jsx-self': [ '7.29.7' ],
445 silly audit   '@babel/plugin-transform-react-jsx-source': [ '7.29.7' ],
445 silly audit   '@babel/runtime': [ '7.29.7' ],
445 silly audit   '@babel/template': [ '7.29.7' ],
445 silly audit   '@babel/traverse': [ '7.29.8' ],
445 silly audit   '@babel/types': [ '7.29.8' ],
445 silly audit   '@csstools/color-helpers': [ '5.1.0' ],
445 silly audit   '@csstools/css-calc': [ '2.1.4' ],
445 silly audit   '@csstools/css-color-parser': [ '3.1.0' ],
445 silly audit   '@csstools/css-parser-algorithms': [ '3.0.5' ],
445 silly audit   '@csstools/css-tokenizer': [ '3.0.4' ],
445 silly audit   '@esbuild/aix-ppc64': [ '0.21.5' ],
445 silly audit   '@esbuild/android-arm': [ '0.21.5' ],
445 silly audit   '@esbuild/android-arm64': [ '0.21.5' ],
445 silly audit   '@esbuild/android-x64': [ '0.21.5' ],
445 silly audit   '@esbuild/darwin-arm64': [ '0.21.5' ],
445 silly audit   '@esbuild/darwin-x64': [ '0.21.5' ],
445 silly audit   '@esbuild/freebsd-arm64': [ '0.21.5' ],
445 silly audit   '@esbuild/freebsd-x64': [ '0.21.5' ],
445 silly audit   '@esbuild/linux-arm': [ '0.21.5' ],
445 silly audit   '@esbuild/linux-arm64': [ '0.21.5' ],
445 silly audit   '@esbuild/linux-ia32': [ '0.21.5' ],
445 silly audit   '@esbuild/linux-loong64': [ '0.21.5' ],
445 silly audit   '@esbuild/linux-mips64el': [ '0.21.5' ],
445 silly audit   '@esbuild/linux-ppc64': [ '0.21.5' ],
445 silly audit   '@esbuild/linux-riscv64': [ '0.21.5' ],
445 silly audit   '@esbuild/linux-s390x': [ '0.21.5' ],
445 silly audit   '@esbuild/linux-x64': [ '0.21.5' ],
445 silly audit   '@esbuild/netbsd-x64': [ '0.21.5' ],
445 silly audit   '@esbuild/openbsd-x64': [ '0.21.5' ],
445 silly audit   '@esbuild/sunos-x64': [ '0.21.5' ],
445 silly audit   '@esbuild/win32-arm64': [ '0.21.5' ],
445 silly audit   '@esbuild/win32-ia32': [ '0.21.5' ],
445 silly audit   '@esbuild/win32-x64': [ '0.21.5' ],
445 silly audit   '@jridgewell/gen-mapping': [ '0.3.13' ],
445 silly audit   '@jridgewell/remapping': [ '2.3.5' ],
445 silly audit   '@jridgewell/resolve-uri': [ '3.1.2' ],
445 silly audit   '@jridgewell/sourcemap-codec': [ '1.6.0' ],
445 silly audit   '@jridgewell/trace-mapping': [ '0.3.31' ],
445 silly audit   '@napi-rs/lzma-linux-x64-gnu': [ '1.5.1' ],
445 silly audit   '@nodelib/fs.scandir': [ '2.1.5' ],
445 silly audit   '@nodelib/fs.stat': [ '2.0.5' ],
445 silly audit   '@nodelib/fs.walk': [ '1.2.8' ],
445 silly audit   '@polka/url': [ '1.0.0-next.29' ],
445 silly audit   '@remix-run/router': [ '1.23.4' ],
445 silly audit   '@rolldown/pluginutils': [ '1.0.0-beta.27' ],
445 silly audit   '@rollup/rollup-android-arm-eabi': [ '4.63.1' ],
445 silly audit   '@rollup/rollup-android-arm64': [ '4.63.1' ],
445 silly audit   '@rollup/rollup-darwin-arm64': [ '4.63.1' ],
445 silly audit   '@rollup/rollup-darwin-x64': [ '4.63.1' ],
445 silly audit   '@rollup/rollup-freebsd-arm64': [ '4.63.1' ],
445 silly audit   '@rollup/rollup-freebsd-x64': [ '4.63.1' ],
445 silly audit   '@rollup/rollup-linux-arm-gnueabihf': [ '4.63.1' ],
445 silly audit   '@rollup/rollup-linux-arm-musleabihf': [ '4.63.1' ],
445 silly audit   '@rollup/rollup-linux-arm64-gnu': [ '4.63.1' ],
445 silly audit   '@rollup/rollup-linux-arm64-musl': [ '4.63.1' ],
445 silly audit   '@rollup/rollup-linux-loong64-gnu': [ '4.63.1' ],
445 silly audit   '@rollup/rollup-linux-loong64-musl': [ '4.63.1' ],
445 silly audit   '@rollup/rollup-linux-ppc64-gnu': [ '4.63.1' ],
445 silly audit   '@rollup/rollup-linux-ppc64-musl': [ '4.63.1' ],
445 silly audit   '@rollup/rollup-linux-riscv64-gnu': [ '4.63.1' ],
445 silly audit   '@rollup/rollup-linux-riscv64-musl': [ '4.63.1' ],
445 silly audit   '@rollup/rollup-linux-s390x-gnu': [ '4.63.1' ],
445 silly audit   '@rollup/rollup-linux-x64-gnu': [ '4.63.1' ],
445 silly audit   '@rollup/rollup-linux-x64-musl': [ '4.63.1' ],
445 silly audit   '@rollup/rollup-openbsd-x64': [ '4.63.1' ],
445 silly audit   '@rollup/rollup-openharmony-arm64': [ '4.63.1' ],
445 silly audit   '@rollup/rollup-win32-arm64-msvc': [ '4.63.1' ],
445 silly audit   '@rollup/rollup-win32-ia32-msvc': [ '4.63.1' ],
445 silly audit   '@rollup/rollup-win32-x64-gnu': [ '4.63.1' ],
445 silly audit   '@rollup/rollup-win32-x64-msvc': [ '4.63.1' ],
445 silly audit   '@testing-library/dom': [ '10.4.1' ],
445 silly audit   '@testing-library/jest-dom': [ '6.9.1' ],
445 silly audit   'dom-accessibility-api': [ '0.6.3', '0.5.16' ],
445 silly audit   '@testing-library/react': [ '16.3.3' ],
445 silly audit   '@truefoundry/trueforge-sdk': [ '0.1.3' ],
445 silly audit   '@types/aria-query': [ '5.0.4' ],
445 silly audit   '@types/babel__core': [ '7.20.5' ],
445 silly audit   '@types/babel__generator': [ '7.27.0' ],
445 silly audit   '@types/babel__template': [ '7.4.4' ],
445 silly audit   '@types/babel__traverse': [ '7.28.0' ],
445 silly audit   '@types/estree': [ '1.0.9' ],
445 silly audit   '@types/node': [ '22.20.1' ],
445 silly audit   '@types/prop-types': [ '15.7.15' ],
445 silly audit   '@types/react': [ '18.3.31' ],
445 silly audit   '@types/react-dom': [ '18.3.7' ],
445 silly audit   '@vitejs/plugin-react': [ '4.7.0' ],
445 silly audit   '@vitest/expect': [ '2.1.9' ],
445 silly audit   '@vitest/mocker': [ '2.1.9' ],
445 silly audit   '@vitest/pretty-format': [ '2.1.9' ],
445 silly audit   '@vitest/runner': [ '2.1.9' ],
445 silly audit   '@vitest/snapshot': [ '2.1.9' ],
445 silly audit   '@vitest/spy': [ '2.1.9' ],
445 silly audit   '@vitest/ui': [ '2.1.9' ],
445 silly audit   '@vitest/utils': [ '2.1.9' ],
445 silly audit   'agent-base': [ '7.1.4' ],
445 silly audit   'ansi-regex': [ '5.0.1' ],
445 silly audit   'ansi-styles': [ '5.2.0' ],
445 silly audit   'any-promise': [ '1.3.0' ],
445 silly audit   anymatch: [ '3.1.3' ],
445 silly audit   arg: [ '5.0.2' ],
445 silly audit   'aria-query': [ '5.3.0' ],
445 silly audit   'assertion-error': [ '2.0.1' ],
445 silly audit   asynckit: [ '0.4.0' ],
445 silly audit   autoprefixer: [ '10.5.4' ],
445 silly audit   'baseline-browser-mapping': [ '2.11.20' ],
445 silly audit   'binary-extensions': [ '2.3.0' ],
445 silly audit   braces: [ '3.0.3' ],
445 silly audit   browserslist: [ '4.28.8' ],
445 silly audit   cac: [ '6.7.14' ],
445 silly audit   'call-bind-apply-helpers': [ '1.0.2' ],
445 silly audit   'camelcase-css': [ '2.0.1' ],
445 silly audit   'caniuse-lite': [ '1.0.30001810' ],
445 silly audit   chai: [ '5.3.3' ],
445 silly audit   'check-error': [ '2.1.3' ],
445 silly audit   chokidar: [ '3.6.0' ],
445 silly audit   'glob-parent': [ '5.1.2', '6.0.2' ],
445 silly audit   'class-variance-authority': [ '0.7.1' ],
445 silly audit   clsx: [ '2.1.1' ],
445 silly audit   'combined-stream': [ '1.0.8' ],
445 silly audit   commander: [ '4.1.1' ],
445 silly audit   'convert-source-map': [ '2.0.0' ],
445 silly audit   'css.escape': [ '1.5.1' ],
445 silly audit   cssesc: [ '3.0.0' ],
445 silly audit   cssstyle: [ '4.6.0' ],
445 silly audit   'rrweb-cssom': [ '0.8.0', '0.7.1' ],
445 silly audit   csstype: [ '3.2.3' ],
445 silly audit   'data-urls': [ '5.0.0' ],
445 silly audit   debug: [ '4.4.3' ],
445 silly audit   'decimal.js': [ '10.6.0' ],
445 silly audit   'deep-eql': [ '5.0.2' ],
445 silly audit   'delayed-stream': [ '1.0.0' ],
445 silly audit   dequal: [ '2.0.3' ],
445 silly audit   didyoumean: [ '1.2.2' ],
445 silly audit   dlv: [ '1.1.3' ],
445 silly audit   'dunder-proto': [ '1.0.1' ],
445 silly audit   'electron-to-chromium': [ '1.5.416' ],
445 silly audit   entities: [ '6.0.1' ],
445 silly audit   'es-define-property': [ '1.0.1' ],
445 silly audit   'es-errors': [ '1.3.0' ],
445 silly audit   'es-module-lexer': [ '1.7.0' ],
445 silly audit   'es-object-atoms': [ '1.1.2' ],
445 silly audit   'es-set-tostringtag': [ '2.1.0' ],
445 silly audit   esbuild: [ '0.21.5' ],
445 silly audit   escalade: [ '3.2.0' ],
445 silly audit   'estree-walker': [ '3.0.3' ],
445 silly audit   'expect-type': [ '1.4.0' ],
445 silly audit   'fast-glob': [ '3.3.3' ],
445 silly audit   fastq: [ '1.20.3' ],
445 silly audit   fflate: [ '0.8.3' ],
445 silly audit   'fill-range': [ '7.1.1' ],
445 silly audit   flatted: [ '3.4.4' ],
445 silly audit   'form-data': [ '4.0.6' ],
445 silly audit   'fraction.js': [ '5.3.4' ],
445 silly audit   fsevents: [ '2.3.3' ],
445 silly audit   'function-bind': [ '1.1.2' ],
445 silly audit   gensync: [ '1.0.0-beta.2' ],
445 silly audit   'get-intrinsic': [ '1.3.0' ],
445 silly audit   'get-proto': [ '1.0.1' ],
445 silly audit   gopd: [ '1.2.0' ],
445 silly audit   'has-symbols': [ '1.1.0' ],
445 silly audit   'has-tostringtag': [ '1.0.2' ],
445 silly audit   hasown: [ '2.0.4' ],
445 silly audit   'html-encoding-sniffer': [ '4.0.0' ],
445 silly audit   'http-proxy-agent': [ '7.0.2' ],
445 silly audit   'https-proxy-agent': [ '7.0.6' ],
445 silly audit   'iconv-lite': [ '0.6.3', '0.7.3' ],
445 silly audit   'indent-string': [ '4.0.0' ],
445 silly audit   'is-binary-path': [ '2.1.0' ],
445 silly audit   'is-core-module': [ '2.16.2' ],
445 silly audit   'is-extglob': [ '2.1.1' ],
445 silly audit   'is-glob': [ '4.0.3' ],
445 silly audit   'is-number': [ '7.0.0' ],
445 silly audit   'is-potential-custom-element-name': [ '1.0.1' ],
445 silly audit   jiti: [ '1.21.7' ],
445 silly audit   'js-tokens': [ '4.0.0' ],
445 silly audit   jsdom: [ '25.0.1' ],
445 silly audit   jsesc: [ '3.1.0' ],
445 silly audit   json5: [ '2.2.3' ],
445 silly audit   lilconfig: [ '3.1.3' ],
445 silly audit   'lines-and-columns': [ '1.2.4' ],
445 silly audit   'loose-envify': [ '1.4.0' ],
445 silly audit   loupe: [ '3.2.1' ],
445 silly audit   'lucide-react': [ '0.441.0' ],
445 silly audit   'lz-string': [ '1.5.0' ],
445 silly audit   'magic-string': [ '0.30.21' ],
445 silly audit   'math-intrinsics': [ '1.1.0' ],
445 silly audit   merge2: [ '1.4.1' ],
445 silly audit   micromatch: [ '4.0.8' ],
445 silly audit   'mime-db': [ '1.52.0', '1.54.0' ],
445 silly audit   'mime-types': [ '2.1.35', '3.0.2' ],
445 silly audit   'min-indent': [ '1.0.1' ],
445 silly audit   mrmime: [ '2.0.1' ],
445 silly audit   ms: [ '2.1.3' ],
445 silly audit   mz: [ '2.7.0' ],
445 silly audit   nanoid: [ '3.3.18' ],
445 silly audit   'node-releases': [ '2.0.54' ],
445 silly audit   'normalize-path': [ '3.0.0' ],
445 silly audit   nwsapi: [ '2.2.26' ],
445 silly audit   'object-assign': [ '4.1.1' ],
445 silly audit   'object-hash': [ '3.0.0' ],
445 silly audit   parse5: [ '7.3.0' ],
445 silly audit   'path-parse': [ '1.0.7' ],
445 silly audit   pathe: [ '1.1.2' ],
445 silly audit   pathval: [ '2.0.1' ],
445 silly audit   picocolors: [ '1.1.1' ],
445 silly audit   picomatch: [ '2.3.2', '4.0.7' ],
445 silly audit   pirates: [ '4.0.7' ],
445 silly audit   postcss: [ '8.5.26' ],
445 silly audit   'postcss-import': [ '15.1.0' ],
445 silly audit   'postcss-js': [ '4.1.0' ],
445 silly audit   'postcss-load-config': [ '6.0.1' ],
445 silly audit   'postcss-nested': [ '6.2.0' ],
445 silly audit   'postcss-selector-parser': [ '6.1.4' ],
445 silly audit   'postcss-value-parser': [ '4.2.0' ],
445 silly audit   'pretty-format': [ '27.5.1' ],
445 silly audit   punycode: [ '2.3.1' ],
445 silly audit   'queue-microtask': [ '1.2.3' ],
445 silly audit   react: [ '18.3.1' ],
445 silly audit   'react-dom': [ '18.3.1' ],
445 silly audit   'react-is': [ '17.0.2' ],
445 silly audit   'react-refresh': [ '0.17.0' ],
445 silly audit   'react-router': [ '6.30.6' ],
445 silly audit   'react-router-dom': [ '6.30.6' ],
445 silly audit   'read-cache': [ '1.0.2' ],
445 silly audit   readdirp: [ '3.6.0' ],
445 silly audit   redent: [ '3.0.0' ],
445 silly audit   resolve: [ '1.22.12' ],
445 silly audit   reusify: [ '1.1.0' ],
445 silly audit   rollup: [ '4.63.1' ],
445 silly audit   'run-parallel': [ '1.2.0' ],
445 silly audit   'safer-buffer': [ '2.1.2' ],
445 silly audit   saxes: [ '6.0.0' ],
445 silly audit   scheduler: [ '0.23.2' ],
445 silly audit   semver: [ '6.3.1' ],
445 silly audit   siginfo: [ '2.0.0' ],
445 silly audit   sirv: [ '3.0.2' ],
445 silly audit   'source-map-js': [ '1.2.1' ],
445 silly audit   stackback: [ '0.0.2' ],
445 silly audit   'std-env': [ '3.10.0' ],
445 silly audit   'strip-indent': [ '3.0.0' ],
445 silly audit   sucrase: [ '3.35.1' ],
445 silly audit   'supports-preserve-symlinks-flag': [ '1.0.0' ],
445 silly audit   'symbol-tree': [ '3.2.4' ],
445 silly audit   'tailwind-merge': [ '2.6.1' ],
445 silly audit   tailwindcss: [ '3.4.19' ],
445 silly audit   thenify: [ '3.3.1' ],
445 silly audit   'thenify-all': [ '1.6.0' ],
445 silly audit   tinybench: [ '2.9.0' ],
445 silly audit   tinyexec: [ '0.3.2' ],
445 silly audit   tinyglobby: [ '0.2.17' ],
445 silly audit   fdir: [ '6.5.0' ],
445 silly audit   tinypool: [ '1.1.1' ],
445 silly audit   tinyrainbow: [ '1.2.0' ],
445 silly audit   tinyspy: [ '3.0.2' ],
445 silly audit   tldts: [ '6.1.86' ],
445 silly audit   'tldts-core': [ '6.1.86' ],
445 silly audit   'to-regex-range': [ '5.0.1' ],
445 silly audit   totalist: [ '3.0.1' ],
445 silly audit   'tough-cookie': [ '5.1.2' ],
445 silly audit   tr46: [ '5.1.1' ],
445 silly audit   'ts-interface-checker': [ '0.1.13' ],
445 silly audit   typescript: [ '5.9.3' ],
445 silly audit   'undici-types': [ '6.21.0' ],
445 silly audit   'update-browserslist-db': [ '1.3.2' ],
445 silly audit   'util-deprecate': [ '1.0.2' ],
445 silly audit   vite: [ '5.4.21' ],
445 silly audit   'vite-node': [ '2.1.9' ],
445 silly audit   vitest: [ '2.1.9' ],
445 silly audit   'w3c-xmlserializer': [ '5.0.0' ],
445 silly audit   'webidl-conversions': [ '7.0.0' ],
445 silly audit   'whatwg-encoding': [ '3.1.1' ],
445 silly audit   'whatwg-mimetype': [ '4.0.0' ],
445 silly audit   'whatwg-url': [ '14.2.0' ],
445 silly audit   'why-is-node-running': [ '2.3.0' ],
445 silly audit   ws: [ '8.21.3' ],
445 silly audit   'xml-name-validator': [ '5.0.0' ],
445 silly audit   xmlchars: [ '2.2.0' ],
445 silly audit   yallist: [ '3.1.1' ],
445 silly audit   '@modelcontextprotocol/sdk': [ '1.30.0' ],
445 silly audit   cors: [ '2.8.6' ],
445 silly audit   express: [ '5.2.1' ],
445 silly audit   zod: [ '4.5.2' ],
445 silly audit   '@hono/node-server': [ '2.1.1' ],
445 silly audit   hono: [ '4.13.5' ],
445 silly audit   ajv: [ '8.20.0' ],
445 silly audit   'ajv-formats': [ '3.0.1' ],
445 silly audit   'content-type': [ '1.0.5', '2.1.0' ],
445 silly audit   'cross-spawn': [ '7.0.6' ],
445 silly audit   eventsource: [ '3.0.7' ],
445 silly audit   'eventsource-parser': [ '3.1.1' ],
445 silly audit   'express-rate-limit': [ '8.7.0' ],
445 silly audit   jose: [ '6.2.10' ],
445 silly audit   'json-schema-typed': [ '8.0.2' ],
445 silly audit   'pkce-challenge': [ '5.0.1' ],
445 silly audit   'raw-body': [ '3.0.2' ],
445 silly audit   'zod-to-json-schema': [ '3.25.2' ],
445 silly audit   'fast-deep-equal': [ '3.1.3' ],
445 silly audit   'fast-uri': [ '3.1.6' ],
445 silly audit   'json-schema-traverse': [ '1.0.0' ],
445 silly audit   'require-from-string': [ '2.0.2' ],
445 silly audit   vary: [ '1.1.2' ],
445 silly audit   'path-key': [ '3.1.1' ],
445 silly audit   'shebang-command': [ '2.0.0' ],
445 silly audit   which: [ '2.0.2' ],
445 silly audit   accepts: [ '2.0.0' ],
445 silly audit   'body-parser': [ '2.3.0' ],
445 silly audit   'content-disposition': [ '1.1.0' ],
445 silly audit   cookie: [ '0.7.2' ],
445 silly audit   'cookie-signature': [ '1.2.2' ],
445 silly audit   depd: [ '2.0.0' ],
445 silly audit   encodeurl: [ '2.0.0' ],
445 silly audit   'escape-html': [ '1.0.3' ],
445 silly audit   etag: [ '1.8.1' ],
445 silly audit   finalhandler: [ '2.1.1' ],
445 silly audit   fresh: [ '2.0.0' ],
445 silly audit   'http-errors': [ '2.0.1' ],
445 silly audit   'merge-descriptors': [ '2.0.0' ],
445 silly audit   'on-finished': [ '2.4.1' ],
445 silly audit   once: [ '1.4.0' ],
445 silly audit   parseurl: [ '1.3.3' ],
445 silly audit   'proxy-addr': [ '2.0.7' ],
445 silly audit   qs: [ '6.15.3' ],
445 silly audit   'range-parser': [ '1.3.0' ],
445 silly audit   router: [ '2.2.0' ],
445 silly audit   send: [ '1.2.1' ],
445 silly audit   'serve-static': [ '2.2.1' ],
445 silly audit   statuses: [ '2.0.2' ],
445 silly audit   'type-is': [ '2.1.0' ],
445 silly audit   negotiator: [ '1.1.0' ],
445 silly audit   bytes: [ '3.1.2' ],
445 silly audit   'ip-address': [ '10.7.0' ],
445 silly audit   inherits: [ '2.0.4' ],
445 silly audit   setprototypeof: [ '1.2.0' ],
445 silly audit   toidentifier: [ '1.0.1' ],
445 silly audit   'ee-first': [ '1.1.1' ],
445 silly audit   wrappy: [ '1.0.2' ],
445 silly audit   forwarded: [ '0.2.0' ],
445 silly audit   'ipaddr.js': [ '1.9.1' ],
445 silly audit   'side-channel': [ '1.1.1' ],
445 silly audit   unpipe: [ '1.0.0' ],
445 silly audit   'is-promise': [ '4.0.0' ],
445 silly audit   'path-to-regexp': [ '8.4.2' ],
445 silly audit   'shebang-regex': [ '3.0.0' ],
445 silly audit   'object-inspect': [ '1.13.4' ],
445 silly audit   'side-channel-list': [ '1.0.1' ],
445 silly audit   'side-channel-map': [ '1.0.1' ],
445 silly audit   'side-channel-weakmap': [ '1.0.2' ],
445 silly audit   'call-bound': [ '1.0.4' ],
445 silly audit   'media-typer': [ '1.1.1' ],
445 silly audit   isexe: [ '2.0.0' ]
445 silly audit }
446 http cache isexe@https://registry.npmjs.org/isexe/-/isexe-2.0.0.tgz 0ms (cache hit)
447 http cache media-typer@https://registry.npmjs.org/media-typer/-/media-typer-1.1.1.tgz 0ms (cache hit)
448 http cache call-bound@https://registry.npmjs.org/call-bound/-/call-bound-1.0.4.tgz 0ms (cache hit)
449 http cache side-channel-weakmap@https://registry.npmjs.org/side-channel-weakmap/-/side-channel-weakmap-1.0.2.tgz 0ms (cache hit)
450 http cache side-channel-map@https://registry.npmjs.org/side-channel-map/-/side-channel-map-1.0.1.tgz 0ms (cache hit)
451 http cache side-channel-list@https://registry.npmjs.org/side-channel-list/-/side-channel-list-1.0.1.tgz 0ms (cache hit)
452 http cache object-inspect@https://registry.npmjs.org/object-inspect/-/object-inspect-1.13.4.tgz 0ms (cache hit)
453 http cache shebang-regex@https://registry.npmjs.org/shebang-regex/-/shebang-regex-3.0.0.tgz 0ms (cache hit)
454 http cache is-promise@https://registry.npmjs.org/is-promise/-/is-promise-4.0.0.tgz 0ms (cache hit)
455 http cache path-to-regexp@https://registry.npmjs.org/path-to-regexp/-/path-to-regexp-8.4.2.tgz 0ms (cache hit)
456 http cache unpipe@https://registry.npmjs.org/unpipe/-/unpipe-1.0.0.tgz 0ms (cache hit)
457 http cache side-channel@https://registry.npmjs.org/side-channel/-/side-channel-1.1.1.tgz 0ms (cache hit)
458 http cache ipaddr.js@https://registry.npmjs.org/ipaddr.js/-/ipaddr.js-1.9.1.tgz 0ms (cache hit)
459 http cache wrappy@https://registry.npmjs.org/wrappy/-/wrappy-1.0.2.tgz 0ms (cache hit)
460 http cache forwarded@https://registry.npmjs.org/forwarded/-/forwarded-0.2.0.tgz 0ms (cache hit)
461 http cache ee-first@https://registry.npmjs.org/ee-first/-/ee-first-1.1.1.tgz 0ms (cache hit)
462 http cache setprototypeof@https://registry.npmjs.org/setprototypeof/-/setprototypeof-1.2.0.tgz 0ms (cache hit)
463 http cache inherits@https://registry.npmjs.org/inherits/-/inherits-2.0.4.tgz 0ms (cache hit)
464 http cache toidentifier@https://registry.npmjs.org/toidentifier/-/toidentifier-1.0.1.tgz 0ms (cache hit)
465 http cache bytes@https://registry.npmjs.org/bytes/-/bytes-3.1.2.tgz 0ms (cache hit)
466 http cache negotiator@https://registry.npmjs.org/negotiator/-/negotiator-1.1.0.tgz 0ms (cache hit)
467 http cache type-is@https://registry.npmjs.org/type-is/-/type-is-2.1.0.tgz 0ms (cache hit)
468 http cache ip-address@https://registry.npmjs.org/ip-address/-/ip-address-10.7.0.tgz 0ms (cache hit)
469 http cache statuses@https://registry.npmjs.org/statuses/-/statuses-2.0.2.tgz 0ms (cache hit)
470 http cache serve-static@https://registry.npmjs.org/serve-static/-/serve-static-2.2.1.tgz 0ms (cache hit)
471 http cache send@https://registry.npmjs.org/send/-/send-1.2.1.tgz 0ms (cache hit)
472 http cache qs@https://registry.npmjs.org/qs/-/qs-6.15.3.tgz 0ms (cache hit)
473 http cache once@https://registry.npmjs.org/once/-/once-1.4.0.tgz 0ms (cache hit)
474 http cache range-parser@https://registry.npmjs.org/range-parser/-/range-parser-1.3.0.tgz 0ms (cache hit)
475 http cache proxy-addr@https://registry.npmjs.org/proxy-addr/-/proxy-addr-2.0.7.tgz 0ms (cache hit)
476 http cache router@https://registry.npmjs.org/router/-/router-2.2.0.tgz 0ms (cache hit)
477 http cache parseurl@https://registry.npmjs.org/parseurl/-/parseurl-1.3.3.tgz 0ms (cache hit)
478 http cache http-errors@https://registry.npmjs.org/http-errors/-/http-errors-2.0.1.tgz 0ms (cache hit)
479 http cache on-finished@https://registry.npmjs.org/on-finished/-/on-finished-2.4.1.tgz 0ms (cache hit)
480 http cache fresh@https://registry.npmjs.org/fresh/-/fresh-2.0.0.tgz 0ms (cache hit)
481 http cache finalhandler@https://registry.npmjs.org/finalhandler/-/finalhandler-2.1.1.tgz 0ms (cache hit)
482 http cache merge-descriptors@https://registry.npmjs.org/merge-descriptors/-/merge-descriptors-2.0.0.tgz 0ms (cache hit)
483 http cache etag@https://registry.npmjs.org/etag/-/etag-1.8.1.tgz 0ms (cache hit)
484 http cache encodeurl@https://registry.npmjs.org/encodeurl/-/encodeurl-2.0.0.tgz 0ms (cache hit)
485 http cache escape-html@https://registry.npmjs.org/escape-html/-/escape-html-1.0.3.tgz 0ms (cache hit)
486 http cache cookie-signature@https://registry.npmjs.org/cookie-signature/-/cookie-signature-1.2.2.tgz 0ms (cache hit)
487 http cache depd@https://registry.npmjs.org/depd/-/depd-2.0.0.tgz 0ms (cache hit)
488 http cache content-disposition@https://registry.npmjs.org/content-disposition/-/content-disposition-1.1.0.tgz 0ms (cache hit)
489 http cache body-parser@https://registry.npmjs.org/body-parser/-/body-parser-2.3.0.tgz 0ms (cache hit)
490 http cache accepts@https://registry.npmjs.org/accepts/-/accepts-2.0.0.tgz 0ms (cache hit)
491 http cache which@https://registry.npmjs.org/which/-/which-2.0.2.tgz 0ms (cache hit)
492 http cache cookie@https://registry.npmjs.org/cookie/-/cookie-0.7.2.tgz 0ms (cache hit)
493 http cache vary@https://registry.npmjs.org/vary/-/vary-1.1.2.tgz 0ms (cache hit)
494 http cache path-key@https://registry.npmjs.org/path-key/-/path-key-3.1.1.tgz 0ms (cache hit)
495 http cache shebang-command@https://registry.npmjs.org/shebang-command/-/shebang-command-2.0.0.tgz 0ms (cache hit)
496 http cache fast-uri@https://registry.npmjs.org/fast-uri/-/fast-uri-3.1.6.tgz 0ms (cache hit)
497 http cache require-from-string@https://registry.npmjs.org/require-from-string/-/require-from-string-2.0.2.tgz 0ms (cache hit)
498 http cache fast-deep-equal@https://registry.npmjs.org/fast-deep-equal/-/fast-deep-equal-3.1.3.tgz 0ms (cache hit)
499 http cache json-schema-traverse@https://registry.npmjs.org/json-schema-traverse/-/json-schema-traverse-1.0.0.tgz 0ms (cache hit)
500 http cache pkce-challenge@https://registry.npmjs.org/pkce-challenge/-/pkce-challenge-5.0.1.tgz 0ms (cache hit)
501 http cache json-schema-typed@https://registry.npmjs.org/json-schema-typed/-/json-schema-typed-8.0.2.tgz 0ms (cache hit)
502 http cache zod-to-json-schema@https://registry.npmjs.org/zod-to-json-schema/-/zod-to-json-schema-3.25.2.tgz 0ms (cache hit)
503 http cache raw-body@https://registry.npmjs.org/raw-body/-/raw-body-3.0.2.tgz 0ms (cache hit)
504 http cache express-rate-limit@https://registry.npmjs.org/express-rate-limit/-/express-rate-limit-8.7.0.tgz 0ms (cache hit)
505 http cache eventsource-parser@https://registry.npmjs.org/eventsource-parser/-/eventsource-parser-3.1.1.tgz 0ms (cache hit)
506 http cache eventsource@https://registry.npmjs.org/eventsource/-/eventsource-3.0.7.tgz 0ms (cache hit)
507 http cache cross-spawn@https://registry.npmjs.org/cross-spawn/-/cross-spawn-7.0.6.tgz 0ms (cache hit)
508 http cache jose@https://registry.npmjs.org/jose/-/jose-6.2.10.tgz 0ms (cache hit)
509 http cache ajv-formats@https://registry.npmjs.org/ajv-formats/-/ajv-formats-3.0.1.tgz 0ms (cache hit)
510 http cache @hono/node-server@https://registry.npmjs.org/@hono/node-server/-/node-server-2.1.1.tgz 0ms (cache hit)
511 http cache content-type@https://registry.npmjs.org/content-type/-/content-type-1.0.5.tgz 0ms (cache hit)
512 http cache hono@https://registry.npmjs.org/hono/-/hono-4.13.5.tgz 0ms (cache hit)
513 http cache ajv@https://registry.npmjs.org/ajv/-/ajv-8.20.0.tgz 0ms (cache hit)
514 http cache @modelcontextprotocol/sdk@https://registry.npmjs.org/@modelcontextprotocol/sdk/-/sdk-1.30.0.tgz 0ms (cache hit)
515 http cache content-type@https://registry.npmjs.org/content-type/-/content-type-2.1.0.tgz 0ms (cache hit)
516 http cache zod@https://registry.npmjs.org/zod/-/zod-4.5.2.tgz 0ms (cache hit)
517 http cache express@https://registry.npmjs.org/express/-/express-5.2.1.tgz 0ms (cache hit)
518 http cache cors@https://registry.npmjs.org/cors/-/cors-2.8.6.tgz 0ms (cache hit)
519 http cache mime-db@https://registry.npmjs.org/mime-db/-/mime-db-1.54.0.tgz 0ms (cache hit)
520 http cache content-type@https://registry.npmjs.org/content-type/-/content-type-2.1.0.tgz 0ms (cache hit)
521 http cache mime-db@https://registry.npmjs.org/mime-db/-/mime-db-1.54.0.tgz 0ms (cache hit)
522 http cache mime-types@https://registry.npmjs.org/mime-types/-/mime-types-3.0.2.tgz 0ms (cache hit)
523 http cache mime-types@https://registry.npmjs.org/mime-types/-/mime-types-3.0.2.tgz 0ms (cache hit)
524 http cache iconv-lite@https://registry.npmjs.org/iconv-lite/-/iconv-lite-0.7.3.tgz 0ms (cache hit)
525 http cache mime-types@https://registry.npmjs.org/mime-types/-/mime-types-3.0.2.tgz 0ms (cache hit)
526 http cache content-type@https://registry.npmjs.org/content-type/-/content-type-2.1.0.tgz 0ms (cache hit)
527 http cache mime-db@https://registry.npmjs.org/mime-db/-/mime-db-1.54.0.tgz 0ms (cache hit)
528 http cache iconv-lite@https://registry.npmjs.org/iconv-lite/-/iconv-lite-0.7.3.tgz 0ms (cache hit)
529 http cache mime-db@https://registry.npmjs.org/mime-db/-/mime-db-1.54.0.tgz 0ms (cache hit)
530 http cache mime-types@https://registry.npmjs.org/mime-types/-/mime-types-3.0.2.tgz 0ms (cache hit)
531 http fetch POST 200 https://registry.npmjs.org/-/npm/v1/security/advisories/bulk 419ms
532 silly audit report {
532 silly audit report   esbuild: [
532 silly audit report     {
532 silly audit report       id: 1102341,
532 silly audit report       url: 'https://github.com/advisories/GHSA-67mh-4wv8-2f99',
532 silly audit report       title: 'esbuild enables any website to send any requests to the development server and read the response',
532 silly audit report       severity: 'moderate',
532 silly audit report       vulnerable_versions: '<=0.24.2',
532 silly audit report       cwe: [Array],
532 silly audit report       cvss: [Object]
532 silly audit report     }
532 silly audit report   ],
532 silly audit report   'react-router': [
532 silly audit report     {
532 silly audit report       id: 1124268,
532 silly audit report       url: 'https://github.com/advisories/GHSA-wrjc-x8rr-h8h6',
532 silly audit report       title: 'React Router: Open redirect via backslash in <Link> and useNavigate (CVE-2025-68470 bypass)',
532 silly audit report       severity: 'moderate',
532 silly audit report       vulnerable_versions: '>=6.0.0 <7.18.0',
532 silly audit report       cwe: [Array],
532 silly audit report       cvss: [Object]
532 silly audit report     },
532 silly audit report     {
532 silly audit report       id: 1124272,
532 silly audit report       url: 'https://github.com/advisories/GHSA-337j-9hxr-rhxg',
532 silly audit report       title: 'React Router: Arbitrary Constructor Injection via deserializeErrors() in React Router SSR Hydration',
532 silly audit report       severity: 'moderate',
532 silly audit report       vulnerable_versions: '>=6.4.0 <7.18.0',
532 silly audit report       cwe: [Array],
532 silly audit report       cvss: [Object]
532 silly audit report     }
532 silly audit report   ],
532 silly audit report   vite: [
532 silly audit report     {
532 silly audit report       id: 1120784,
532 silly audit report       url: 'https://github.com/advisories/GHSA-v6wh-96g9-6wx3',
532 silly audit report       title: 'launch-editor: NTLMv2 hash disclosure via UNC path handling on Windows',
532 silly audit report       severity: 'moderate',
532 silly audit report       vulnerable_versions: '<=6.4.2',
532 silly audit report       cwe: [Array],
532 silly audit report       cvss: [Object]
532 silly audit report     },
532 silly audit report     {
532 silly audit report       id: 1116229,
532 silly audit report       url: 'https://github.com/advisories/GHSA-4w7w-66w2-5vf9',
532 silly audit report       title: 'Vite Vulnerable to Path Traversal in Optimized Deps `.map` Handling',
532 silly audit report       severity: 'moderate',
532 silly audit report       vulnerable_versions: '<=6.4.1',
532 silly audit report       cwe: [Array],
532 silly audit report       cvss: [Object]
532 silly audit report     },
532 silly audit report     {
532 silly audit report       id: 1123525,
532 silly audit report       url: 'https://github.com/advisories/GHSA-fx2h-pf6j-xcff',
532 silly audit report       title: 'vite: `server.fs.deny` bypass on Windows alternate paths',
532 silly audit report       severity: 'high',
532 silly audit report       vulnerable_versions: '<=6.4.2',
532 silly audit report       cwe: [Array],
532 silly audit report       cvss: [Object]
532 silly audit report     }
532 silly audit report   ],
532 silly audit report   vitest: [
532 silly audit report     {
532 silly audit report       id: 1139528,
532 silly audit report       url: 'https://github.com/advisories/GHSA-5xrq-8626-4rwp',
532 silly audit report       title: 'When Vitest UI server is listening, arbitrary file can be read and executed',
532 silly audit report       severity: 'critical',
532 silly audit report       vulnerable_versions: '<3.2.6',
532 silly audit report       cwe: [Array],
532 silly audit report       cvss: [Object]
532 silly audit report     }
532 silly audit report   ]
532 silly audit report }
533 silly packumentCache corgi:https://registry.npmjs.org/esbuild cache-miss
534 silly packumentCache corgi:https://registry.npmjs.org/react-router cache-miss
535 silly packumentCache corgi:https://registry.npmjs.org/vite cache-miss
536 silly packumentCache corgi:https://registry.npmjs.org/vitest cache-miss
537 http fetch GET 200 https://registry.npmjs.org/react-router 200ms (cache revalidated)
538 silly packumentCache corgi:https://registry.npmjs.org/react-router set size:1358546 disposed:false
539 http fetch GET 200 https://registry.npmjs.org/vite 239ms (cache revalidated)
540 silly packumentCache corgi:https://registry.npmjs.org/vite set size:2298256 disposed:false
541 http fetch GET 200 https://registry.npmjs.org/vitest 275ms (cache revalidated)
542 silly packumentCache corgi:https://registry.npmjs.org/vitest set size:1275520 disposed:false
543 http fetch GET 200 https://registry.npmjs.org/esbuild 298ms (cache revalidated)
544 silly packumentCache corgi:https://registry.npmjs.org/esbuild set size:889133 disposed:false
545 silly packumentCache corgi:https://registry.npmjs.org/react-router-dom cache-miss
546 http fetch GET 200 https://registry.npmjs.org/react-router-dom 383ms (cache revalidated)
547 silly packumentCache corgi:https://registry.npmjs.org/react-router-dom set size:1065956 disposed:false
548 silly packumentCache corgi:https://registry.npmjs.org/@vitejs%2fplugin-react cache-miss
549 silly packumentCache corgi:https://registry.npmjs.org/@vitest%2fmocker cache-miss
550 silly packumentCache corgi:https://registry.npmjs.org/vite-node cache-miss
551 http fetch GET 200 https://registry.npmjs.org/vite-node 130ms (cache revalidated)
552 silly packumentCache corgi:https://registry.npmjs.org/vite-node set size:453359 disposed:false
553 http fetch GET 200 https://registry.npmjs.org/@vitejs%2fplugin-react 157ms (cache revalidated)
554 silly packumentCache corgi:https://registry.npmjs.org/@vitejs%2fplugin-react set size:120851 disposed:false
555 http fetch GET 200 https://registry.npmjs.org/@vitest%2fmocker 444ms (cache revalidated)
556 silly packumentCache corgi:https://registry.npmjs.org/@vitest%2fmocker set size:127955 disposed:false
557 silly packumentCache corgi:https://registry.npmjs.org/@vitest%2fui cache-miss
558 http fetch GET 200 https://registry.npmjs.org/@vitest%2fui 604ms (cache revalidated)
559 silly packumentCache corgi:https://registry.npmjs.org/@vitest%2fui set size:712578 disposed:false
560 silly ADD node_modules/isexe
561 silly ADD node_modules/media-typer
562 silly ADD node_modules/call-bound
563 silly ADD node_modules/side-channel-weakmap
564 silly ADD node_modules/side-channel-map
565 silly ADD node_modules/side-channel-list
566 silly ADD node_modules/object-inspect
567 silly ADD node_modules/shebang-regex
568 silly ADD node_modules/path-to-regexp
569 silly ADD node_modules/is-promise
570 silly ADD node_modules/unpipe
571 silly ADD node_modules/side-channel
572 silly ADD node_modules/ipaddr.js
573 silly ADD node_modules/forwarded
574 silly ADD node_modules/wrappy
575 silly ADD node_modules/ee-first
576 silly ADD node_modules/toidentifier
577 silly ADD node_modules/setprototypeof
578 silly ADD node_modules/inherits
579 silly ADD node_modules/ip-address
580 silly ADD node_modules/bytes
581 silly ADD node_modules/negotiator
582 silly ADD node_modules/negotiator/node_modules/content-type
583 silly ADD node_modules/type-is
584 silly ADD node_modules/type-is/node_modules/mime-db
585 silly ADD node_modules/type-is/node_modules/mime-types
586 silly ADD node_modules/type-is/node_modules/content-type
587 silly ADD node_modules/statuses
588 silly ADD node_modules/serve-static
589 silly ADD node_modules/send
590 silly ADD node_modules/send/node_modules/mime-db
591 silly ADD node_modules/send/node_modules/mime-types
592 silly ADD node_modules/router
593 silly ADD node_modules/range-parser
594 silly ADD node_modules/qs
595 silly ADD node_modules/proxy-addr
596 silly ADD node_modules/parseurl
597 silly ADD node_modules/once
598 silly ADD node_modules/on-finished
599 silly ADD node_modules/merge-descriptors
600 silly ADD node_modules/http-errors
601 silly ADD node_modules/fresh
602 silly ADD node_modules/finalhandler
603 silly ADD node_modules/etag
604 silly ADD node_modules/escape-html
605 silly ADD node_modules/encodeurl
606 silly ADD node_modules/depd
607 silly ADD node_modules/cookie-signature
608 silly ADD node_modules/cookie
609 silly ADD node_modules/content-disposition
610 silly ADD node_modules/body-parser
611 silly ADD node_modules/body-parser/node_modules/iconv-lite
612 silly ADD node_modules/body-parser/node_modules/content-type
613 silly ADD node_modules/accepts
614 silly ADD node_modules/accepts/node_modules/mime-db
615 silly ADD node_modules/accepts/node_modules/mime-types
616 silly ADD node_modules/which
617 silly ADD node_modules/shebang-command
618 silly ADD node_modules/path-key
619 silly ADD node_modules/vary
620 silly ADD node_modules/require-from-string
621 silly ADD node_modules/json-schema-traverse
622 silly ADD node_modules/fast-uri
623 silly ADD node_modules/fast-deep-equal
624 silly ADD node_modules/zod-to-json-schema
625 silly ADD node_modules/raw-body
626 silly ADD node_modules/raw-body/node_modules/iconv-lite
627 silly ADD node_modules/pkce-challenge
628 silly ADD node_modules/json-schema-typed
629 silly ADD node_modules/jose
630 silly ADD node_modules/express-rate-limit
631 silly ADD node_modules/eventsource-parser
632 silly ADD node_modules/eventsource
633 silly ADD node_modules/cross-spawn
634 silly ADD node_modules/content-type
635 silly ADD node_modules/ajv-formats
636 silly ADD node_modules/ajv
637 silly ADD node_modules/hono
638 silly ADD node_modules/@hono/node-server
639 silly ADD node_modules/zod
640 silly ADD node_modules/express
641 silly ADD node_modules/express/node_modules/mime-db
642 silly ADD node_modules/express/node_modules/mime-types
643 silly ADD node_modules/cors
644 silly ADD node_modules/@modelcontextprotocol/sdk
645 verbose cwd D:\Hackathons\WEMAKEDEVS\trueforge_hackathon
646 verbose os Windows_NT 10.0.26200
647 verbose node v24.11.1
648 verbose npm  v11.6.4
649 verbose exit 0
650 info ok
